// Jest Snapshot v1, https://goo.gl/fbAQLP

exports[`a pagina de config deve ser renderizada corretamente 1`] = `
<div>
  <section
    class="card"
  >
    <div
      class="page-form"
    >
      <div
        class="form-title"
      >
        <div
          class="form-title-dice"
        >
          <img
            alt="Imagem decorativa na figura de um dado."
            src="dice.svg"
          />
          <img
            alt="Imagem decorativa na figura de um dado."
            src="dice2.svg"
          />
          <img
            alt="Imagem decorativa na figura de um dado."
            src="dice.svg"
          />
        </div>
        <h1>
          SORTEADOR DE AMIGO SECRETO
        </h1>
      </div>
      <div
        class="page-form-img"
      >
        <img
          alt="Imagem decorativa, mulher jovem, parda, cabelo encaracolado estilo black power, vestindo uma blusa laranja com um tablet amarelo nas mãos."
          src="participante.png"
        />
      </div>
    </div>
    <section
      class="container-app-main"
    >
      <h2>
        Vamos começar!
      </h2>
      <form>
        <div
          class="grupo-input-btn"
        >
          <div
            class="grupo-input-btn-1"
          >
            <input
              placeholder="Insert players names"
              type="text"
              value=""
            />
            <button
              disabled=""
            >
              Adicionar
            </button>
          </div>
          <div
            class="grupo-input-btn-2"
          />
        </div>
      </form>
      <ul
        class="lista-participantes-list"
      />
      <footer
        class="rodape-configuracoes"
      >
        <button
          class="botao"
          disabled=""
        >
          Iniciar brincadeira
        </button>
        <img
          alt="Imagem ilustrativa."
          src="sacolas.png"
        />
      </footer>
    </section>
  </section>
</div>
`;
